
Initial statistics: 8 variables; iteration 0; function evaluation 0; phase 1
Function value 5.1122577e+03; maximum gradient component mag -6.3239e+04
Var    Value     Gradient |Var    Value     Gradient |Var    Value     Gradient
  1  0.46350 -6.32387e+04 |  2 -0.03805  8.76656e+02 |  3  0.05811 -6.33387e+01
  4 -0.57568 -2.92461e+02 |  5  0.03746 -1.23148e+02 |  6 -0.81425 -6.63181e+01
  7 -0.13089 -7.07672e+03 |  8 -0.29357 -8.51641e+03 |
  ic > imax  in fminim is answer attained ?
Var    Value     Gradient |Var    Value     Gradient |Var    Value     Gradient
  1  0.50011 -5.07800e+04 |  2 -1.95295  7.25279e+02 |  3 -4.64884  3.21715e+00
  4  4.09664 -2.87978e+02 |  5 -2.05592 -7.48198e+01 |  6  0.00100 -6.25020e+01
  7 31.88498 -6.10176e+03 |  8 -17.97404 -6.73781e+03 |
Function minimizer not making progress ... is minimum attained?
Minimprove criterion = 0.0000e+00

 - final statistics:
8 variables; iteration 3; function evaluation 36
Function value nan; maximum gradient component mag -5.0780e+04
Exit code = 1;  converg criter 1.0000e+01
Var    Value     Gradient |Var    Value     Gradient |Var    Value     Gradient
  1  0.50011 -5.07800e+04 |  2 -1.95295  7.25279e+02 |  3 -4.64884  3.21715e+00
  4  4.09664 -2.87978e+02 |  5 -2.05592 -7.48198e+01 |  6  0.00100 -6.25020e+01
  7 31.88498 -6.10176e+03 |  8 -17.97404 -6.73781e+03 |

Initial statistics: 71 variables; iteration 0; function evaluation 0; phase 2
Function value 2.1909847e+03; maximum gradient component mag -5.6511e+04
Var    Value     Gradient |Var    Value     Gradient |Var    Value     Gradient
  1  0.50011 -5.65106e+04 |  2  0.00000 -4.21166e+02 |  3  0.00000 -7.15038e+02
  4  0.00000 -1.34868e+03 |  5  0.00000 -2.13580e+03 |  6  0.00000 -1.19819e+03
  7  0.00000 -1.61757e+03 |  8  0.00000 -2.01907e+03 |  9  0.00000 -2.11181e+03
 10  0.00000 -2.15405e+03 | 11  0.00000 -2.63599e+03 | 12  0.00000 -2.03329e+03
 13  0.00000 -1.55257e+03 | 14  0.00000 -9.79202e+02 | 15  0.00000 -9.25801e+02
 16  0.00000 -8.67989e+02 | 17  0.00000 -1.63351e+03 | 18  0.00000 -3.13236e+03
 19  0.00000 -5.13578e+03 | 20  0.00000 -3.92039e+03 | 21  0.00000 -1.66890e+03
 22  0.00000 -4.16431e+02 | 23  0.00000  4.32007e+02 | 24  0.00000  7.86398e+02
 25  0.00000  1.17627e+03 | 26  0.00000  1.17762e+03 | 27  0.00000  1.29119e+03
 28  0.00000  5.53701e+02 | 29  0.00000  1.00654e+03 | 30  0.00000  1.32409e+03
 31  0.00000  1.33189e+03 | 32  0.00000  3.52042e+02 | 33  0.00000  1.18197e+03
 34  0.00000  1.68486e+03 | 35  0.00000  1.57421e+03 | 36  0.00000  1.39108e+03
 37  0.00000  1.23150e+03 | 38  0.00000  1.44659e+03 | 39  0.00000  1.44930e+03
 40  0.00000  1.29809e+03 | 41  0.00000  1.16361e+03 | 42  0.00000  1.37225e+03
 43  0.00000  1.04326e+03 | 44  0.00000  8.72898e+02 | 45  0.00000  1.42025e+03
 46  0.00000  1.15890e+03 | 47  0.00000  4.44118e+02 | 48  0.00000  1.17234e+03
 49  0.00000  1.21088e+03 | 50  0.00000  1.00524e+03 | 51  0.00000  1.26804e+03
 52  0.00000  1.18179e+03 | 53 -0.04705  2.09283e+03 | 54 -0.64884 -2.11593e+02
 55  0.09664 -1.83178e+02 | 56  0.05592  5.76934e+01 | 57  0.00100 -6.24735e+00
 58 -0.11502 -2.74818e+03 | 59 -0.02596 -2.19693e+03 | 60  0.36766 -8.55087e+02
 61  0.11874 -2.99823e+03 | 62 -0.03885 -2.35191e+03 | 63 -0.10394  3.29558e+02
 64 -0.05254 -1.03592e+03 | 65  0.01554  2.07125e+02 | 66 -0.00082 -2.19138e+03
 67 -0.02268  4.89695e+02 | 68  0.14260 -3.15826e+03 | 69 -0.09802  5.83511e+02
 70 -0.02162  2.54170e+02 | 71  0.09076  2.68502e+02 |

Intermediate statistics: 71 variables; iteration 20; function evaluation 32; phase 2
Function value 4.5433478e+02; maximum gradient component mag -3.1942e+03
Var    Value     Gradient |Var    Value     Gradient |Var    Value     Gradient
  1  0.56346 -8.95864e+02 |  2 -0.10849 -1.51816e+01 |  3 -0.10311 -2.47257e+01
  4 -0.03291 -4.95733e+01 |  5  0.00906 -7.46055e+01 |  6  0.04672 -8.35758e+00
  7  0.05849 -1.48645e+01 |  8  0.06663 -2.43574e+01 |  9 -0.02585 -4.48631e+01
 10 -0.10236 -1.03973e+01 | 11  0.12671  2.09303e+01 | 12 -0.07088 -2.99866e+01
 13 -0.09491 -4.45763e+01 | 14 -0.11370 -3.91046e+01 | 15  0.05371  3.62649e+01
 16 -0.05982 -3.97356e+01 | 17 -0.07837 -7.19348e+01 | 18 -0.06829 -7.56130e+01
 19  0.08922 -1.59466e+02 | 20  0.01442 -1.79693e+02 | 21 -0.08428 -4.99262e+01
 22 -0.07455  1.84192e+00 | 23 -0.09601 -5.68661e-01 | 24 -0.03419  1.20685e+01
 25 -0.08655 -1.23981e+01 | 26 -0.03919 -1.17237e+01 | 27 -0.05825  2.93793e+00
 28  0.09775 -9.24303e+01 | 29  0.05012  5.16763e+01 | 30 -0.03226  2.32544e+01
 31 -0.05670  1.56576e+01 | 32  0.14402  7.76029e+00 | 33 -0.01161 -3.95837e+01
 34 -0.15956  1.67944e+01 | 35 -0.10434  2.14820e+01 | 36 -0.06392 -1.61127e+01
 37 -0.01376  2.25386e+01 | 38 -0.06373  1.42453e+01 | 39 -0.05996  3.44102e+01
 40 -0.01329  3.43975e+01 | 41  0.01072 -9.51435e+00 | 42 -0.00471  4.11509e+01
 43  0.06536 -2.81729e+00 | 44  0.11836  5.56197e+01 | 45  0.00738  6.16404e+01
 46  0.07483  2.94075e+01 | 47  0.21734  5.99608e+01 | 48  0.07658  2.32104e+01
 49  0.07105  8.35632e+01 | 50  0.12855  1.19887e+02 | 51  0.04996  1.27191e+02
 52  0.10646  2.81782e+01 | 53 -0.17843  7.27471e+02 | 54 -0.30611  1.35893e+00
 55  0.34533  4.94144e+00 | 56 -0.31172  8.60206e+00 | 57 -0.17730  1.69548e+00
 58  0.38577 -2.62853e+02 | 59 -0.09108 -3.15507e+01 | 60  0.35645 -1.16224e+03
 61 -0.00697 -3.19415e+03 | 62 -0.01848 -1.72963e+03 | 63 -0.32030 -2.30728e+02
 64 -0.07346 -1.64481e+03 | 65  0.00801 -9.29207e+02 | 66  0.00102 -2.93377e+03
 67 -0.04962 -1.57758e+03 | 68  0.10638 -1.67294e+03 | 69 -0.09575 -8.26235e+02
 70  0.13460 -2.41392e+02 | 71 -0.05369 -1.95797e+02 |
71 variables; iteration 40; function evaluation 53; phase 2
Function value 3.0468454e+02; maximum gradient component mag -1.0772e+03
Var    Value     Gradient |Var    Value     Gradient |Var    Value     Gradient
  1  0.56339 -9.32454e+02 |  2 -0.04621  2.28656e+01 |  3 -0.17911 -3.18459e+01
  4 -0.19497 -9.88165e+01 |  5 -0.01415 -6.60352e+01 |  6  0.02313 -1.87594e+01
  7  0.03699 -2.45481e+01 |  8  0.05501 -1.86849e+01 |  9 -0.02402 -3.42444e+01
 10 -0.11784 -2.93440e+01 | 11  0.09598 -5.95914e+01 | 12 -0.03868  3.11336e+01
 13 -0.09014 -3.46439e+01 | 14 -0.14704 -6.81967e+01 | 15  0.03499  2.24336e+01
 16 -0.04799  1.99655e+00 | 17 -0.05511 -1.79068e+01 | 18 -0.06480 -6.10134e+01
 19  0.10403 -4.09880e+01 | 20  0.02130 -1.40218e+02 | 21 -0.07334 -3.73480e+01
 22 -0.06765  1.77130e+01 | 23 -0.06425  9.84614e+01 | 24 -0.03259  3.23840e+01
 25 -0.06763  5.22251e+01 | 26 -0.03851 -6.45414e+00 | 27 -0.03093  1.06502e+02
 28  0.09227 -2.45114e+01 | 29  0.02422 -1.93059e+01 | 30 -0.01717  7.55335e+01
 31 -0.06719 -3.36630e+00 | 32  0.13263 -2.19588e+01 | 33 -0.01783 -7.17095e+01
 34 -0.11393  8.22828e+01 | 35 -0.08042  5.06555e+01 | 36 -0.06602 -7.49430e+01
 37  0.00347  3.23536e+01 | 38 -0.02818  7.56206e+01 | 39 -0.04290  8.62918e+00
 40 -0.02107 -8.96626e+01 | 41  0.04514  7.30765e+01 | 42 -0.01576 -7.17919e+01
 43  0.09400  6.99745e+01 | 44  0.12939  3.48518e+01 | 45  0.00554 -5.60438e+00
 46  0.08396 -1.35339e+01 | 47  0.22180 -7.45496e+00 | 48  0.09143 -5.55210e+00
 49  0.10660  8.25062e+01 | 50  0.14417  3.91990e+00 | 51  0.06068  8.86936e+01
 52 -0.17078 -1.57228e+01 | 53 -0.18005 -5.79878e+02 | 54 -0.48532 -3.52401e+01
 55  0.87328  9.09017e-01 | 56 -0.39336 -1.63241e+01 | 57 -0.15292  3.34705e-01
 58  0.39996 -1.59719e+02 | 59 -0.00669 -1.31832e+01 | 60  0.38578 -4.62969e+02
 61  0.00168 -1.07722e+03 | 62  0.04833 -3.41883e+02 | 63 -0.66911 -4.52464e+01
 64 -0.07013 -6.81865e+02 | 65 -0.02349 -4.73520e+02 | 66  0.08233 -8.71401e+02
 67 -0.03550 -4.48151e+02 | 68  0.02935 -4.68252e+02 | 69 -0.09666 -1.36816e+02
 70  0.27725 -5.11046e+01 | 71  0.19774  5.21977e+01 |
71 variables; iteration 60; function evaluation 75; phase 2
Function value 2.5380518e+02; maximum gradient component mag -4.5063e+02
Var    Value     Gradient |Var    Value     Gradient |Var    Value     Gradient
  1  0.55882 -3.87012e+02 |  2 -0.09909 -8.10112e+00 |  3 -0.19763 -3.86610e+01
  4 -0.07254 -6.40927e+01 |  5  0.02774 -1.85209e+01 |  6  0.04451 -2.76896e+01
  7  0.06713 -2.57641e+00 |  8  0.09082  4.10936e+01 |  9 -0.03123 -6.92321e+01
 10 -0.10106 -2.75746e+01 | 11  0.09449 -5.49524e+01 | 12 -0.10579 -7.17660e+01
 13 -0.13463 -9.25056e+01 | 14 -0.13817 -5.71479e+01 | 15  0.01590 -1.50405e+01
 16 -0.05691 -1.77970e+01 | 17 -0.07368 -5.48521e+01 | 18 -0.04483 -2.71539e+01
 19  0.10458 -3.38517e+01 | 20  0.04362 -2.60642e+01 | 21 -0.06714 -2.62462e+01
 22 -0.07270 -1.01044e+01 | 23 -0.09229 -7.04232e+00 | 24 -0.03287  1.72545e+01
 25 -0.06958  3.64822e+01 | 26 -0.03313 -8.16700e+00 | 27 -0.04557  3.42880e+01
 28  0.10684  2.76004e+01 | 29  0.04598  4.20793e+01 | 30 -0.01388  5.07966e+01
 31 -0.03166  5.01477e+01 | 32  0.14098  3.56367e+01 | 33 -0.00206 -1.18046e+01
 34 -0.15446 -3.50560e+00 | 35 -0.10516 -1.81027e+01 | 36 -0.06155 -2.50614e+01
 37 -0.01175  2.73383e+01 | 38 -0.05982  1.02302e+01 | 39 -0.06490 -1.21153e+01
 40 -0.02807 -4.01739e+01 | 41  0.02404  6.72456e+01 | 42 -0.03795 -8.67995e+01
 43  0.07528  7.40085e+01 | 44  0.11430  7.34187e+01 | 45  0.00738  4.50070e+01
 46  0.07081  1.12865e+01 | 47  0.19881  3.03567e+00 | 48  0.06885 -1.09669e+01
 49  0.06291  1.50954e+01 | 50  0.12251 -5.92658e+00 | 51  0.00682  4.95595e+01
 52  0.16334  1.79713e+01 | 53 -0.17873 -2.82000e+02 | 54 -0.23062  7.05778e+01
 55 -0.03786 -1.39121e+01 | 56 -0.35980 -2.70172e+01 | 57 -0.40450 -5.97560e+00
 58  0.45248 -4.59408e+00 | 59 -0.07428 -7.53465e-01 | 60  0.38316 -2.47468e+02
 61 -0.00703 -4.50631e+02 | 62  0.03832 -4.97689e+01 | 63 -0.70326 -3.67183e+01
 64 -0.06368 -3.45622e+02 | 65 -0.02079 -2.54132e+02 | 66  0.12192 -2.49577e+02
 67 -0.03642 -1.01938e+02 | 68  0.04289 -1.51471e+02 | 69 -0.11358  9.93401e+00
 70  0.32767 -4.21793e+01 | 71  0.12551  3.03301e+01 |
71 variables; iteration 80; function evaluation 103; phase 2
Function value 1.8770111e+02; maximum gradient component mag -1.3939e+03
Var    Value     Gradient |Var    Value     Gradient |Var    Value     Gradient
  1  0.48738 -1.39388e+03 |  2 -0.01547 -1.50338e+00 |  3 -0.01806 -4.42768e+00
  4  0.05529  2.54688e-01 |  5  0.09139 -1.87912e+01 |  6  0.11479  1.84913e+00
  7  0.12550 -3.13797e+00 |  8  0.12896 -2.36149e+01 |  9  0.07073  1.47941e+01
 10 -0.02429  4.12691e+00 | 11  0.17423  1.71419e+01 | 12  0.00594  7.85348e+00
 13 -0.01358  4.85542e+00 | 14 -0.03708  3.74256e+00 | 15  0.07588 -7.87572e+00
 16  0.00186  1.01333e+00 | 17 -0.00238 -2.84588e+00 | 18  0.00661 -5.60877e+00
 19  0.14856 -3.83058e+01 | 20  0.09200 -1.57514e+01 | 21 -0.01990 -1.26542e+01
 22 -0.03542 -1.50138e+01 | 23 -0.05993 -8.34240e+00 | 24 -0.01036 -2.35208e+00
 25 -0.06373 -2.40745e+00 | 26 -0.02294 -5.20494e+00 | 27 -0.05696 -6.99421e+00
 28  0.09433 -6.09830e+01 | 29  0.02260 -3.18401e+01 | 30 -0.05066 -1.74703e+01
 31 -0.07871 -1.24146e+01 | 32  0.10614 -9.45819e+01 | 33 -0.02971 -2.59128e+01
 34 -0.17831  6.64196e+00 | 35 -0.13669 -1.88612e+01 | 36 -0.09205 -1.37165e+01
 37 -0.05682 -1.75337e+01 | 38 -0.11347 -4.71066e+00 | 39 -0.11685  8.14163e+00
 40 -0.07870  1.55369e+01 | 41 -0.05142  2.31765e+01 | 42 -0.07680  3.58561e+01
 43 -0.00542  1.03012e+01 | 44  0.03590  2.09514e+01 | 45 -0.07436  1.74146e+01
 46  0.01328  3.32769e+01 | 47  0.14504  3.15207e+01 | 48  0.02492  3.14884e+01
 49  0.01144  2.19533e+01 | 50  0.08178  1.65494e+01 | 51 -0.10715  3.59229e+00
 52  0.11225  2.28299e+01 | 53 -0.13979 -5.36549e+02 | 54 -0.04728 -1.74937e+01
 55  0.07233  1.42041e+01 | 56 -0.07435 -3.40046e+01 | 57 -0.45522  3.98441e+00
 58  0.50830 -2.12454e+01 | 59 -0.10150  4.83404e+00 | 60  0.39783 -2.78710e+01
 61  0.04611 -2.36378e+02 | 62 -0.00333 -3.25638e+02 | 63 -0.52512 -7.85970e+01
 64 -0.07243 -5.28956e+01 | 65  0.02872 -2.56550e+01 | 66  0.06959 -1.88471e+02
 67 -0.02991 -1.30333e+02 | 68  0.09378 -2.37931e+02 | 69 -0.11020 -1.62232e+02
 70  0.30070 -6.76838e+01 | 71  0.07508 -6.28685e+01 |
71 variables; iteration 100; function evaluation 124; phase 2
Function value 1.5035308e+02; maximum gradient component mag -1.1272e+02
Var    Value     Gradient |Var    Value     Gradient |Var    Value     Gradient
  1  0.46732 -1.12719e+02 |  2 -0.01113  4.53766e-01 |  3 -0.00068  2.32690e+00
  4  0.03927  5.07719e+00 |  5  0.09855  5.92611e+00 |  6  0.12075  8.36616e+00
  7  0.13533  9.57322e+00 |  8  0.14752  7.28381e+00 |  9  0.08292  8.47598e+00
 10  0.00281  8.04991e+00 | 11  0.19458  1.14654e+01 | 12  0.03367  8.89778e+00
 13  0.01615  5.17394e+00 | 14 -0.00332  3.70409e+00 | 15  0.09955 -4.73001e-01
 16  0.02247  2.90686e+00 | 17  0.01967  5.71833e+00 | 18  0.02861  7.25341e+00
 19  0.16716 -3.53216e+00 | 20  0.11014  4.88775e+00 | 21  0.00109  1.26493e+00
 22 -0.01587 -2.49813e+00 | 23 -0.04401 -2.86898e+00 | 24  0.00424 -5.39353e+00
 25 -0.04676 -5.18533e+00 | 26 -0.00796 -8.46469e+00 | 27 -0.04139 -6.23859e+00
 28  0.10966 -2.41801e+01 | 29  0.03763 -1.19089e+01 | 30 -0.03620 -5.46922e+00
 31 -0.06473 -2.77996e+00 | 32  0.12039 -2.43132e+01 | 33 -0.01568 -9.85136e+00
 34 -0.16875  2.02869e+00 | 35 -0.12063 -2.85655e+00 | 36 -0.08149 -1.89471e+00
 37 -0.05554 -4.93064e+00 | 38 -0.12212 -3.48658e+00 | 39 -0.13436 -3.22657e+00
 40 -0.10760 -2.82084e+00 | 41 -0.08956 -1.99265e+00 | 42 -0.12576  1.29446e+00
 43 -0.04573  2.78118e-01 | 44 -0.01692  5.06542e-01 | 45 -0.12783  1.62420e+00
 46 -0.03164  3.85195e+00 | 47  0.11265  4.31289e+00 | 48 -0.01364  3.14962e+00
 49 -0.02106  3.13744e+00 | 50  0.05220  1.39904e+00 | 51 -0.14027 -1.36791e-01
 52  0.06156  3.03432e+00 | 53 -0.07165 -5.91078e+01 | 54  0.05902  1.82058e+00
 55 -0.68950 -1.75063e+00 | 56  0.03436 -6.72100e+00 | 57 -0.76576 -2.70824e-02
 58  0.53399 -2.11595e+01 | 59 -0.29289 -9.83721e+00 | 60  0.35673 -2.79094e+00
 61  0.11466  2.82560e+01 | 62 -0.01609  2.91489e+01 | 63 -0.11120  2.80941e+00
 64 -0.04623 -4.93265e+00 | 65  0.02356 -3.57045e+00 | 66  0.00240 -8.90657e+00
 67 -0.02245 -6.22517e+00 | 68  0.11736 -6.02853e+00 | 69 -0.09588 -4.13710e+00
 70 -0.02284  4.77730e-01 | 71  0.09881 -7.58529e-01 |
71 variables; iteration 120; function evaluation 144; phase 2
Function value 1.4882238e+02; maximum gradient component mag 2.5142e+00
Var    Value     Gradient |Var    Value     Gradient |Var    Value     Gradient
  1  0.46617  1.79083e+00 |  2  0.00631  5.53537e-03 |  3  0.01569  9.77013e-03
  4  0.04363  2.84705e-02 |  5  0.10135  1.97002e-02 |  6  0.12283  4.61661e-02
  7  0.13726  5.62791e-02 |  8  0.14988  5.60940e-02 |  9  0.08230  4.95463e-02
 10 -0.00256  8.45714e-02 | 11  0.19492  7.26455e-02 | 12  0.02972  1.07085e-01
 13  0.01327  3.44921e-02 | 14 -0.00544  2.15841e-02 | 15  0.10118  7.16156e-02
 16  0.02255  4.87117e-02 | 17  0.01867  6.21794e-02 | 18  0.02676  1.20355e-01
 19  0.16886  2.48510e-01 | 20  0.11016  1.59083e-01 | 21  0.00153  7.29750e-02
 22 -0.01425  4.89133e-02 | 23 -0.04246  4.63466e-02 | 24  0.00555  7.99525e-02
 25 -0.04499  7.26715e-03 | 26 -0.00645  1.11161e-02 | 27 -0.04006 -1.93659e-02
 28  0.11258  5.11658e-02 | 29  0.03989 -2.91646e-02 | 30 -0.03414 -7.59800e-02
 31 -0.06389 -6.53385e-02 | 32  0.12320 -1.89309e-01 | 33 -0.01366 -1.72114e-01
 34 -0.16952 -7.50200e-02 | 35 -0.11966 -1.40796e-01 | 36 -0.08122 -1.26583e-01
 37 -0.05405 -1.34280e-01 | 38 -0.12017 -9.84796e-02 | 39 -0.13256 -6.92203e-02
 40 -0.10585 -6.73328e-02 | 41 -0.08785 -5.40605e-02 | 42 -0.12431 -4.84197e-02
 43 -0.04456  2.70024e-02 | 44 -0.01455  1.92270e-03 | 45 -0.12612 -3.12129e-02
 46 -0.03181  1.13398e-02 | 47  0.11150  5.25902e-02 | 48 -0.01569 -2.65594e-02
 49 -0.02280 -1.10388e-02 | 50  0.05038 -1.59971e-02 | 51 -0.13520 -6.89661e-02
 52  0.03399 -3.24385e-02 | 53 -0.04663  1.60708e+00 | 54  0.05841  1.55541e-02
 55 -0.65087 -4.88062e-03 | 56  0.03655 -2.13082e-02 | 57 -0.78713  7.51961e-02
 58  0.53873  3.00981e-01 | 59 -0.23057  2.10081e-01 | 60  0.36720  1.89924e-01
 61  0.11779  6.70924e-02 | 62 -0.03973  2.51417e+00 | 63 -0.11386 -2.70022e-02
 64 -0.05239  1.94990e-01 | 65  0.02292  1.46346e-01 | 66 -0.00002  2.10235e-01
 67 -0.02328  1.73345e-01 | 68  0.14305  3.30622e-01 | 69 -0.09820  1.73526e-01
 70 -0.01521  1.13401e-01 | 71  0.09125  1.09467e-01 |

 - final statistics:
71 variables; iteration 131; function evaluation 155
Function value 1.4882e+02; maximum gradient component mag 3.6253e-05
Exit code = 1;  converg criter 1.0000e-04
Var    Value     Gradient |Var    Value     Gradient |Var    Value     Gradient
  1  0.46626  2.90451e-05 |  2  0.00633  9.78685e-07 |  3  0.01604  8.96193e-07
  4  0.04371  3.97936e-06 |  5  0.10153  8.67475e-07 |  6  0.12297  9.40275e-07
  7  0.13737  2.38871e-06 |  8  0.14996  2.80875e-06 |  9  0.08233  8.25317e-06
 10 -0.00263  1.08705e-05 | 11  0.19483 -3.19758e-08 | 12  0.02954  1.39348e-06
 13  0.01308  6.80763e-06 | 14 -0.00560  3.97876e-06 | 15  0.10102  7.22656e-06
 16  0.02246  3.61984e-06 | 17  0.01858  5.23749e-06 | 18  0.02666  4.17448e-06
 19  0.16874  1.55841e-05 | 20  0.11005  4.08820e-06 | 21  0.00144  4.17809e-06
 22 -0.01434  3.53826e-06 | 23 -0.04254 -3.85671e-06 | 24  0.00544 -9.84775e-06
 25 -0.04503 -5.65315e-06 | 26 -0.00649 -8.27256e-06 | 27 -0.04010 -4.95041e-06
 28  0.11251 -3.94412e-06 | 29  0.03983 -1.60067e-06 | 30 -0.03417 -6.23070e-07
 31 -0.06390 -2.11562e-06 | 32  0.12314  4.52270e-06 | 33 -0.01370  4.22834e-06
 34 -0.16954 -2.70292e-06 | 35 -0.11968  1.76194e-06 | 36 -0.08130 -2.04826e-06
 37 -0.05413 -2.12947e-06 | 38 -0.12020 -1.01891e-06 | 39 -0.13258 -3.39358e-08
 40 -0.10582 -1.15862e-07 | 41 -0.08779  2.74233e-06 | 42 -0.12421  3.93367e-06
 43 -0.04449  2.68448e-07 | 44 -0.01445  2.97825e-06 | 45 -0.12599  1.54735e-06
 46 -0.03173 -7.75372e-07 | 47  0.11155 -2.09879e-06 | 48 -0.01559 -6.68345e-07
 49 -0.02273 -9.09414e-07 | 50  0.05047  3.06782e-06 | 51 -0.13497 -6.75856e-06
 52  0.03490  1.06658e-06 | 53 -0.04703 -2.73236e-05 | 54  0.05808 -1.27865e-05
 55 -0.64981  9.74610e-07 | 56  0.03625  1.02218e-05 | 57 -0.79323 -1.73451e-06
 58  0.53856  8.03922e-06 | 59 -0.23193  1.93740e-06 | 60  0.36704 -2.35871e-06
 61  0.11797  1.65810e-05 | 62 -0.04090  1.60485e-05 | 63 -0.11348 -1.76846e-06
 64 -0.05230  1.06412e-05 | 65  0.02289  5.69386e-06 | 66 -0.00018  3.62531e-05
 67 -0.02331  1.84179e-05 | 68  0.14421  3.43317e-05 | 69 -0.09821  1.37407e-05
 70 -0.01597  2.30079e-06 | 71  0.09126 -1.39929e-06 |
Estimating row 1 out of 71 for hessian
Estimating row 2 out of 71 for hessian
Estimating row 3 out of 71 for hessian
Estimating row 4 out of 71 for hessian
Estimating row 5 out of 71 for hessian
Estimating row 6 out of 71 for hessian
Estimating row 7 out of 71 for hessian
Estimating row 8 out of 71 for hessian
Estimating row 9 out of 71 for hessian
Estimating row 10 out of 71 for hessian
Estimating row 11 out of 71 for hessian
Estimating row 12 out of 71 for hessian
Estimating row 13 out of 71 for hessian
Estimating row 14 out of 71 for hessian
Estimating row 15 out of 71 for hessian
Estimating row 16 out of 71 for hessian
Estimating row 17 out of 71 for hessian
Estimating row 18 out of 71 for hessian
Estimating row 19 out of 71 for hessian
Estimating row 20 out of 71 for hessian
Estimating row 21 out of 71 for hessian
Estimating row 22 out of 71 for hessian
Estimating row 23 out of 71 for hessian
Estimating row 24 out of 71 for hessian
Estimating row 25 out of 71 for hessian
Estimating row 26 out of 71 for hessian
Estimating row 27 out of 71 for hessian
Estimating row 28 out of 71 for hessian
Estimating row 29 out of 71 for hessian
Estimating row 30 out of 71 for hessian
Estimating row 31 out of 71 for hessian
Estimating row 32 out of 71 for hessian
Estimating row 33 out of 71 for hessian
Estimating row 34 out of 71 for hessian
Estimating row 35 out of 71 for hessian
Estimating row 36 out of 71 for hessian
Estimating row 37 out of 71 for hessian
Estimating row 38 out of 71 for hessian
Estimating row 39 out of 71 for hessian
Estimating row 40 out of 71 for hessian
Estimating row 41 out of 71 for hessian
Estimating row 42 out of 71 for hessian
Estimating row 43 out of 71 for hessian
Estimating row 44 out of 71 for hessian
Estimating row 45 out of 71 for hessian
Estimating row 46 out of 71 for hessian
Estimating row 47 out of 71 for hessian
Estimating row 48 out of 71 for hessian
Estimating row 49 out of 71 for hessian
Estimating row 50 out of 71 for hessian
Estimating row 51 out of 71 for hessian
Estimating row 52 out of 71 for hessian
Estimating row 53 out of 71 for hessian
Estimating row 54 out of 71 for hessian
Estimating row 55 out of 71 for hessian
Estimating row 56 out of 71 for hessian
Estimating row 57 out of 71 for hessian
Estimating row 58 out of 71 for hessian
Estimating row 59 out of 71 for hessian
Estimating row 60 out of 71 for hessian
Estimating row 61 out of 71 for hessian
Estimating row 62 out of 71 for hessian
Estimating row 63 out of 71 for hessian
Estimating row 64 out of 71 for hessian
Estimating row 65 out of 71 for hessian
Estimating row 66 out of 71 for hessian
Estimating row 67 out of 71 for hessian
Estimating row 68 out of 71 for hessian
Estimating row 69 out of 71 for hessian
Estimating row 70 out of 71 for hessian
Estimating row 71 out of 71 for hessian
Estimated covariance matrix may not be positive definite.
 1.0228239885e-06 1.4696808026e-05 3.8832389389e-05 4.8910909170e-05 5.7671345572e-05 7.9711386624e-05 1.1024349944e-04 1.1402389044e-04 1.2835538447e-04 1.4221581377e-04 1.5295423499e-04 1.5854851217e-04 1.6662931856e-04 1.7840743333e-04 1.8429457650e-04 1.8863373849e-04 2.0268337666e-04 2.0736079678e-04 2.1157684631e-04 2.1755214731e-04 2.2266682122e-04 2.2475487984e-04 2.3300010976e-04 2.3947393587e-04 2.4632531352e-04 2.5355548910e-04 2.5891171622e-04 2.7102440124e-04 2.7709612500e-04 2.9344809215e-04 2.9762920122e-04 2.9962596468e-04 3.0616259173e-04 3.1427486067e-04 3.2146526291e-04 3.2310105301e-04 3.3249452059e-04 3.3607402583e-04 3.4076703998e-04 3.4498198407e-04 3.5934938796e-04 3.6367960873e-04 3.7352885233e-04 4.0725497714e-04 4.0822286905e-04 4.1438413254e-04 4.3659886012e-04 4.5753634323e-04 4.6052790731e-04 4.9383142641e-04 5.0624226134e-04 5.4380926411e-04 5.6994536988e-04 5.7831728489e-04 6.0398591069e-04 6.7264380908e-04 8.3221431691e-04 9.4648626903e-04 1.1238489643e-03 1.4566699647e-03 1.6731522918e-03 1.9012782233e-03 2.5093450360e-03 3.1439732428e-03 4.0270291609e-03 4.9434789535e-03 6.3492651346e-03 8.1198426007e-03 9.8343582834e-03 1.7466516785e-02 7.3326331614e-02
